MPLINK 4.37, Linker
Linker Map File - Created Wed May 15 18:20:18 2013

                                 Section Info
                  Section       Type    Address   Location Size(Bytes)
                ---------  ---------  ---------  ---------  ---------
               _entry_scn       code   0x000000    program   0x000006
  _RESET_INTERRUPT_VECTOR       code   0x000800    program   0x000006
           .code___init.o       code   0x000806    program   0x000002
   _HIGH_INTERRUPT_VECTOR       code   0x000808    program   0x000004
         .idata_uopen.o_i    romdata   0x00080c    program   0x000000
         .romdata_uopen.o    romdata   0x00080c    program   0x000000
        .idata_uwrite.o_i    romdata   0x00080c    program   0x000000
        .romdata_uwrite.o    romdata   0x00080c    program   0x000000
         .idata_udefs.o_i    romdata   0x00080c    program   0x000000
         .romdata_udefs.o    romdata   0x00080c    program   0x000000
        .romdata___init.o    romdata   0x00080c    program   0x000000
          .romdata_main.o    romdata   0x00080c    program   0x000000
          .idata_main.o_i    romdata   0x00080c    program   0x000003
      .romdata_getsuart.o    romdata   0x00080c    program   0x000000
      .idata_putsuart.o_i    romdata   0x00080c    program   0x000000
         .romdata_c018i.o    romdata   0x00080c    program   0x000000
      .romdata_putsuart.o    romdata   0x00080c    program   0x000000
        .idata___init.o_i    romdata   0x00080f    program   0x000000
      .idata_getsuart.o_i    romdata   0x00080f    program   0x000000
         .idata_c018i.o_i    romdata   0x00080f    program   0x000000
            .code_c018i.o       code   0x000810    program   0x000000
            .code_udefs.o       code   0x000810    program   0x000000
    _LOW_INTERRUPT_VECTOR       code   0x000818    program   0x000004
                   .cinit    romdata   0x00081c    program   0x00000e
                     page       code   0x00082a    program   0x00044e
             .stringtable    romdata   0x000c78    program   0x000230
               _cinit_scn       code   0x000ea8    program   0x00009e
             .code_main.o       code   0x000f46    program   0x00009c
            .code_uopen.o       code   0x000fe2    program   0x00008a
                 UARTCODE       code   0x00106c    program   0x000088
         .code_getsuart.o       code   0x0010f4    program   0x00005a
         .code_putsuart.o       code   0x00114e    program   0x000048
                   STRING       code   0x001196    program   0x000034
             D10KTCYXCODE       code   0x0011ca    program   0x00002e
           .code_uwrite.o       code   0x0011f8    program   0x00002e
                    .code       code   0x001226    program   0x000020
             _startup_scn       code   0x001246    program   0x00001c
             D100TCYXCODE       code   0x001262    program   0x00001c
              D10TCYXCODE       code   0x00127e    program   0x000016
                 .tmpdata      udata   0x000000       data   0x000004
                MATH_DATA      udata   0x000004       data   0x000002
                DELAYDAT2      udata   0x000006       data   0x000001
                DELAYDAT1      udata   0x000007       data   0x000001
            .udata_main.o      udata   0x000100       data   0x0000e7
           .udata_c018i.o      udata   0x0001e7       data   0x00000a
            .idata_main.o      idata   0x0001f1       data   0x000003
                 UARTDATA      udata   0x0001f4       data   0x000002
           .udata_udefs.o      udata   0x0001f6       data   0x000001
        .idata_putsuart.o      idata   0x0001f7       data   0x000000
        .udata_putsuart.o      udata   0x0001f7       data   0x000000
        .idata_getsuart.o      idata   0x0001f7       data   0x000000
        .udata_getsuart.o      udata   0x0001f7       data   0x000000
          .idata___init.o      idata   0x0001f7       data   0x000000
          .udata___init.o      udata   0x0001f7       data   0x000000
           .idata_udefs.o      idata   0x0001f7       data   0x000000
          .idata_uwrite.o      idata   0x0001f7       data   0x000000
          .udata_uwrite.o      udata   0x0001f7       data   0x000000
           .idata_uopen.o      idata   0x0001f7       data   0x000000
           .udata_uopen.o      udata   0x0001f7       data   0x000000
           .idata_c018i.o      idata   0x0001f7       data   0x000000
                   .stack      udata   0x000300       data   0x000100
            SFR_UNBANKED0      udata   0x000f66       data   0x00009a



                              Program Memory Usage 
                               Start         End      
                           ---------   ---------      
                            0x000000    0x000005      
                            0x000800    0x00080e      
                            0x000818    0x001293      
            2705 out of 33048 program addresses used, program memory utilization is 8%



                              Symbols - Sorted by Name
                     Name    Address   Location    Storage File                     
                ---------  ---------  ---------  --------- ---------                
                   D100_1   0x001270    program     static C:\MCC18\src\traditional\delays\d100tcyx.asm
                    D100x   0x00126e    program     static C:\MCC18\src\traditional\delays\d100tcyx.asm
                   D10K_1   0x0011d6    program     static C:\MCC18\src\traditional\delays\d10ktcyx.asm
                    D10Kl   0x0011e2    program     static C:\MCC18\src\traditional\delays\d10ktcyx.asm
                    D10Kx   0x0011d4    program     static C:\MCC18\src\traditional\delays\d10ktcyx.asm
                    D10_1   0x00128e    program     static C:\MCC18\src\traditional\delays\d10tcyx.asm
                     D10x   0x001286    program     static C:\MCC18\src\traditional\delays\d10tcyx.asm
             Delay100TCYx   0x001262    program     extern C:\MCC18\src\traditional\delays\d100tcyx.asm
             Delay10KTCYx   0x0011ca    program     extern C:\MCC18\src\traditional\delays\d10ktcyx.asm
              Delay10TCYx   0x00127e    program     extern C:\MCC18\src\traditional\delays\d10tcyx.asm
           DelayRXBitUART   0x000872    program     extern C:\Users\Dries\Documents\GitHub\TTREX-PIC\UART.X\main.c
       DelayRXHalfBitUART   0x000850    program     extern C:\Users\Dries\Documents\GitHub\TTREX-PIC\UART.X\main.c
           DelayTXBitUART   0x00082a    program     extern C:\Users\Dries\Documents\GitHub\TTREX-PIC\UART.X\main.c
                  GetChar   0x001094    program     static C:\MCC18\src\pmc_common\SW_UART\readuart.asm
     InterruptHandlerHigh   0x000f46    program     extern C:\Users\Dries\Documents\GitHub\TTREX-PIC\UART.X\main.c
                 OpenUART   0x00106c    program     extern C:\MCC18\src\pmc_common\SW_UART\openuart.asm
                OpenUSART   0x000fe2    program     extern C:\MCC18\src\pmc_common\USART\uopen.c
                 ReadUART   0x00107a    program     extern C:\MCC18\src\pmc_common\SW_UART\readuart.asm
                  SendBit   0x0010d0    program     static C:\MCC18\src\pmc_common\SW_UART\writuart.asm
                SendStart   0x0010d4    program     static C:\MCC18\src\pmc_common\SW_UART\writuart.asm
                 WaitChar   0x001082    program     static C:\MCC18\src\pmc_common\SW_UART\readuart.asm
                WriteData   0x000c04    program     extern C:\Users\Dries\Documents\GitHub\TTREX-PIC\UART.X\main.c
                 WriteGPS   0x000a82    program     extern C:\Users\Dries\Documents\GitHub\TTREX-PIC\UART.X\main.c
                WriteTest   0x000ad2    program     extern C:\Users\Dries\Documents\GitHub\TTREX-PIC\UART.X\main.c
                WriteUART   0x0010bc    program     extern C:\MCC18\src\pmc_common\SW_UART\writuart.asm
               WriteUSART   0x0011f8    program     extern C:\MCC18\src\pmc_common\USART\uwrite.c
                WriteXbee   0x000a40    program     extern C:\Users\Dries\Documents\GitHub\TTREX-PIC\UART.X\main.c
              _2jContinue   0x0011b6    program     static C:\MCC18\src\traditional\stdclib\memset.asm
                   _3jEnd   0x0011c0    program     static C:\MCC18\src\traditional\stdclib\memset.asm
       _D100TCYXCODE_0008   0x00126a    program     static C:\MCC18\src\traditional\delays\d100tcyx.asm
       _D100TCYXCODE_0012   0x001274    program     static C:\MCC18\src\traditional\delays\d100tcyx.asm
       _D100TCYXCODE_0018   0x00127a    program     static C:\MCC18\src\traditional\delays\d100tcyx.asm
       _D10KTCYXCODE_0010   0x0011da    program     static C:\MCC18\src\traditional\delays\d10ktcyx.asm
       _D10KTCYXCODE_001C   0x0011e6    program     static C:\MCC18\src\traditional\delays\d10ktcyx.asm
        _D10TCYXCODE_000A   0x001288    program     static C:\MCC18\src\traditional\delays\d10tcyx.asm
        _D10TCYXCODE_000C   0x00128a    program     static C:\MCC18\src\traditional\delays\d10tcyx.asm
        _D10TCYXCODE_000E   0x00128c    program     static C:\MCC18\src\traditional\delays\d10tcyx.asm
       ___return_lbl00000   0x000004    program     static                          
       ___return_lbl00000   0x000804    program     static                          
       ___return_lbl00001   0x001260    program     static                          
       ___return_lbl00002   0x000f44    program     static                          
       ___return_lbl00004   0x00084e    program     static                          
       ___return_lbl00005   0x000870    program     static                          
       ___return_lbl00006   0x000892    program     static                          
                   __init   0x000806    program     extern C:\MCC18\src\traditional\stdclib\__init.c
               __string_0   0x000ea4    program     static C:\Users\Dries\Documents\GitHub\TTREX-PIC\UART.X\main.c
               __string_1   0x000e54    program     static C:\Users\Dries\Documents\GitHub\TTREX-PIC\UART.X\main.c
               __string_2   0x000e03    program     static C:\Users\Dries\Documents\GitHub\TTREX-PIC\UART.X\main.c
               __string_3   0x000db4    program     static C:\Users\Dries\Documents\GitHub\TTREX-PIC\UART.X\main.c
               __string_4   0x000d65    program     static C:\Users\Dries\Documents\GitHub\TTREX-PIC\UART.X\main.c
               __string_5   0x000d16    program     static C:\Users\Dries\Documents\GitHub\TTREX-PIC\UART.X\main.c
               __string_6   0x000cc7    program     static C:\Users\Dries\Documents\GitHub\TTREX-PIC\UART.X\main.c
               __string_7   0x000c78    program     static C:\Users\Dries\Documents\GitHub\TTREX-PIC\UART.X\main.c
            __zero_memory   0x001226    program     extern C:\MCC18\src\traditional\proc\p18F2550.asm
                _do_cinit   0x000ea8    program     extern C:\MCC18\src\traditional\startup\c018i.c
                   _entry   0x000000    program     extern C:\MCC18\src\traditional\startup\c018i.c
                _high_ISR   0x000808    program     extern C:\Users\Dries\Documents\GitHub\TTREX-PIC\UART.X\main.c
                 _low_ISR   0x000818    program     extern C:\Users\Dries\Documents\GitHub\TTREX-PIC\UART.X\main.c
                   _reset   0x000800    program     extern C:\Users\Dries\Documents\GitHub\TTREX-PIC\UART.X\main.c
                 _startup   0x001246    program     extern C:\MCC18\src\traditional\startup\c018i.c
                compare_l   0x00123c    program     static C:\MCC18\src\traditional\proc\p18F2550.asm
                copy_loop   0x000f1a    program     static                          
            copy_one_byte   0x000f20    program     static                          
                     done   0x000f44    program     static                          
             done_copying   0x000f2e    program     static                          
                 getsUART   0x0010f4    program     extern C:\MCC18\src\pmc_common\SW_UART\getsuart.c
            handleCommand   0x00096e    program     extern C:\Users\Dries\Documents\GitHub\TTREX-PIC\UART.X\main.c
                 initChip   0x000894    program     extern C:\Users\Dries\Documents\GitHub\TTREX-PIC\UART.X\main.c
                  initGPS   0x0008ba    program     extern C:\Users\Dries\Documents\GitHub\TTREX-PIC\UART.X\main.c
                     jEnd   0x0011c8    program     static C:\MCC18\src\traditional\stdclib\memset.asm
                    jLoop   0x0011aa    program     static C:\MCC18\src\traditional\stdclib\memset.asm
                     loop   0x001256    program     static                          
                   loop_h   0x001234    program     static C:\MCC18\src\traditional\proc\p18F2550.asm
                   loop_l   0x00123e    program     static C:\MCC18\src\traditional\proc\p18F2550.asm
                     main   0x000946    program     extern C:\Users\Dries\Documents\GitHub\TTREX-PIC\UART.X\main.c
                   memset   0x001196    program     extern C:\MCC18\src\traditional\stdclib\memset.asm
                 putsUART   0x00114e    program     extern C:\MCC18\src\pmc_common\SW_UART\putsuart.c
               read_gps_2   0x000b14    program     extern C:\Users\Dries\Documents\GitHub\TTREX-PIC\UART.X\main.c
                     test   0x000ec2    program     static                          
               zero_block   0x001234    program     static C:\MCC18\src\traditional\proc\p18F2550.asm
                   ADCON0   0x000fc2       data     extern C:\MCC18\src\traditional\proc\p18F2550.asm
               ADCON0bits   0x000fc2       data     extern C:\MCC18\src\traditional\proc\p18F2550.asm
                   ADCON1   0x000fc1       data     extern C:\MCC18\src\traditional\proc\p18F2550.asm
               ADCON1bits   0x000fc1       data     extern C:\MCC18\src\traditional\proc\p18F2550.asm
                   ADCON2   0x000fc0       data     extern C:\MCC18\src\traditional\proc\p18F2550.asm
               ADCON2bits   0x000fc0       data     extern C:\MCC18\src\traditional\proc\p18F2550.asm
                    ADRES   0x000fc3       data     extern C:\MCC18\src\traditional\proc\p18F2550.asm
                   ADRESH   0x000fc4       data     extern C:\MCC18\src\traditional\proc\p18F2550.asm
                   ADRESL   0x000fc3       data     extern C:\MCC18\src\traditional\proc\p18F2550.asm
                  BAUDCON   0x000fb8       data     extern C:\MCC18\src\traditional\proc\p18F2550.asm
              BAUDCONbits   0x000fb8       data     extern C:\MCC18\src\traditional\proc\p18F2550.asm
                      BSR   0x000fe0       data     extern C:\MCC18\src\traditional\proc\p18F2550.asm
                 BitCount   0x0001f5       data     extern C:\MCC18\src\pmc_common\SW_UART\uartdata.asm
                   CCP1AS   0x000fb6       data     extern C:\MCC18\src\traditional\proc\p18F2550.asm
               CCP1ASbits   0x000fb6       data     extern C:\MCC18\src\traditional\proc\p18F2550.asm
                  CCP1CON   0x000fbd       data     extern C:\MCC18\src\traditional\proc\p18F2550.asm
              CCP1CONbits   0x000fbd       data     extern C:\MCC18\src\traditional\proc\p18F2550.asm
                  CCP1DEL   0x000fb7       data     extern C:\MCC18\src\traditional\proc\p18F2550.asm
              CCP1DELbits   0x000fb7       data     extern C:\MCC18\src\traditional\proc\p18F2550.asm
                  CCP2CON   0x000fba       data     extern C:\MCC18\src\traditional\proc\p18F2550.asm
              CCP2CONbits   0x000fba       data     extern C:\MCC18\src\traditional\proc\p18F2550.asm
                    CCPR1   0x000fbe       data     extern C:\MCC18\src\traditional\proc\p18F2550.asm
                   CCPR1H   0x000fbf       data     extern C:\MCC18\src\traditional\proc\p18F2550.asm
                   CCPR1L   0x000fbe       data     extern C:\MCC18\src\traditional\proc\p18F2550.asm
                    CCPR2   0x000fbb       data     extern C:\MCC18\src\traditional\proc\p18F2550.asm
                   CCPR2H   0x000fbc       data     extern C:\MCC18\src\traditional\proc\p18F2550.asm
                   CCPR2L   0x000fbb       data     extern C:\MCC18\src\traditional\proc\p18F2550.asm
                    CMCON   0x000fb4       data     extern C:\MCC18\src\traditional\proc\p18F2550.asm
                CMCONbits   0x000fb4       data     extern C:\MCC18\src\traditional\proc\p18F2550.asm
                   CVRCON   0x000fb5       data     extern C:\MCC18\src\traditional\proc\p18F2550.asm
               CVRCONbits   0x000fb5       data     extern C:\MCC18\src\traditional\proc\p18F2550.asm
                     DDRA   0x000f92       data     extern C:\MCC18\src\traditional\proc\p18F2550.asm
                 DDRAbits   0x000f92       data     extern C:\MCC18\src\traditional\proc\p18F2550.asm
                     DDRB   0x000f93       data     extern C:\MCC18\src\traditional\proc\p18F2550.asm
                 DDRBbits   0x000f93       data     extern C:\MCC18\src\traditional\proc\p18F2550.asm
                     DDRC   0x000f94       data     extern C:\MCC18\src\traditional\proc\p18F2550.asm
                 DDRCbits   0x000f94       data     extern C:\MCC18\src\traditional\proc\p18F2550.asm
               DelayCount   0x000100       data     extern C:\Users\Dries\Documents\GitHub\TTREX-PIC\UART.X\main.c
            DelayCounter1   0x000007       data     extern C:\MCC18\src\traditional\delays\delayd1.asm
            DelayCounter2   0x000006       data     extern C:\MCC18\src\traditional\delays\delayd2.asm
                  ECCP1AS   0x000fb6       data     extern C:\MCC18\src\traditional\proc\p18F2550.asm
              ECCP1ASbits   0x000fb6       data     extern C:\MCC18\src\traditional\proc\p18F2550.asm
                 ECCP1DEL   0x000fb7       data     extern C:\MCC18\src\traditional\proc\p18F2550.asm
             ECCP1DELbits   0x000fb7       data     extern C:\MCC18\src\traditional\proc\p18F2550.asm
                    EEADR   0x000fa9       data     extern C:\MCC18\src\traditional\proc\p18F2550.asm
                   EECON1   0x000fa6       data     extern C:\MCC18\src\traditional\proc\p18F2550.asm
               EECON1bits   0x000fa6       data     extern C:\MCC18\src\traditional\proc\p18F2550.asm
                   EECON2   0x000fa7       data     extern C:\MCC18\src\traditional\proc\p18F2550.asm
                   EEDATA   0x000fa8       data     extern C:\MCC18\src\traditional\proc\p18F2550.asm
                     FSR0   0x000fe9       data     extern C:\MCC18\src\traditional\proc\p18F2550.asm
                    FSR0H   0x000fea       data     extern C:\MCC18\src\traditional\proc\p18F2550.asm
                    FSR0L   0x000fe9       data     extern C:\MCC18\src\traditional\proc\p18F2550.asm
                     FSR1   0x000fe1       data     extern C:\MCC18\src\traditional\proc\p18F2550.asm
                    FSR1H   0x000fe2       data     extern C:\MCC18\src\traditional\proc\p18F2550.asm
                    FSR1L   0x000fe1       data     extern C:\MCC18\src\traditional\proc\p18F2550.asm
                     FSR2   0x000fd9       data     extern C:\MCC18\src\traditional\proc\p18F2550.asm
                    FSR2H   0x000fda       data     extern C:\MCC18\src\traditional\proc\p18F2550.asm
                    FSR2L   0x000fd9       data     extern C:\MCC18\src\traditional\proc\p18F2550.asm
                      GPS   0x0001e5       data     static C:\Users\Dries\Documents\GitHub\TTREX-PIC\UART.X\main.c
                  HLVDCON   0x000fd2       data     extern C:\MCC18\src\traditional\proc\p18F2550.asm
              HLVDCONbits   0x000fd2       data     extern C:\MCC18\src\traditional\proc\p18F2550.asm
                    INDF0   0x000fef       data     extern C:\MCC18\src\traditional\proc\p18F2550.asm
                    INDF1   0x000fe7       data     extern C:\MCC18\src\traditional\proc\p18F2550.asm
                    INDF2   0x000fdf       data     extern C:\MCC18\src\traditional\proc\p18F2550.asm
                   INTCON   0x000ff2       data     extern C:\MCC18\src\traditional\proc\p18F2550.asm
                  INTCON2   0x000ff1       data     extern C:\MCC18\src\traditional\proc\p18F2550.asm
              INTCON2bits   0x000ff1       data     extern C:\MCC18\src\traditional\proc\p18F2550.asm
                  INTCON3   0x000ff0       data     extern C:\MCC18\src\traditional\proc\p18F2550.asm
              INTCON3bits   0x000ff0       data     extern C:\MCC18\src\traditional\proc\p18F2550.asm
               INTCONbits   0x000ff2       data     extern C:\MCC18\src\traditional\proc\p18F2550.asm
                     IPR1   0x000f9f       data     extern C:\MCC18\src\traditional\proc\p18F2550.asm
                 IPR1bits   0x000f9f       data     extern C:\MCC18\src\traditional\proc\p18F2550.asm
                     IPR2   0x000fa2       data     extern C:\MCC18\src\traditional\proc\p18F2550.asm
                 IPR2bits   0x000fa2       data     extern C:\MCC18\src\traditional\proc\p18F2550.asm
                     LATA   0x000f89       data     extern C:\MCC18\src\traditional\proc\p18F2550.asm
                 LATAbits   0x000f89       data     extern C:\MCC18\src\traditional\proc\p18F2550.asm
                     LATB   0x000f8a       data     extern C:\MCC18\src\traditional\proc\p18F2550.asm
                 LATBbits   0x000f8a       data     extern C:\MCC18\src\traditional\proc\p18F2550.asm
                     LATC   0x000f8b       data     extern C:\MCC18\src\traditional\proc\p18F2550.asm
                 LATCbits   0x000f8b       data     extern C:\MCC18\src\traditional\proc\p18F2550.asm
                   LVDCON   0x000fd2       data     extern C:\MCC18\src\traditional\proc\p18F2550.asm
               LVDCONbits   0x000fd2       data     extern C:\MCC18\src\traditional\proc\p18F2550.asm
                   OSCCON   0x000fd3       data     extern C:\MCC18\src\traditional\proc\p18F2550.asm
               OSCCONbits   0x000fd3       data     extern C:\MCC18\src\traditional\proc\p18F2550.asm
                  OSCTUNE   0x000f9b       data     extern C:\MCC18\src\traditional\proc\p18F2550.asm
              OSCTUNEbits   0x000f9b       data     extern C:\MCC18\src\traditional\proc\p18F2550.asm
                       PC   0x000ff9       data     extern C:\MCC18\src\traditional\proc\p18F2550.asm
                      PCL   0x000ff9       data     extern C:\MCC18\src\traditional\proc\p18F2550.asm
                   PCLATH   0x000ffa       data     extern C:\MCC18\src\traditional\proc\p18F2550.asm
                   PCLATU   0x000ffb       data     extern C:\MCC18\src\traditional\proc\p18F2550.asm
                     PIE1   0x000f9d       data     extern C:\MCC18\src\traditional\proc\p18F2550.asm
                 PIE1bits   0x000f9d       data     extern C:\MCC18\src\traditional\proc\p18F2550.asm
                     PIE2   0x000fa0       data     extern C:\MCC18\src\traditional\proc\p18F2550.asm
                 PIE2bits   0x000fa0       data     extern C:\MCC18\src\traditional\proc\p18F2550.asm
                     PIR1   0x000f9e       data     extern C:\MCC18\src\traditional\proc\p18F2550.asm
                 PIR1bits   0x000f9e       data     extern C:\MCC18\src\traditional\proc\p18F2550.asm
                     PIR2   0x000fa1       data     extern C:\MCC18\src\traditional\proc\p18F2550.asm
                 PIR2bits   0x000fa1       data     extern C:\MCC18\src\traditional\proc\p18F2550.asm
                   PLUSW0   0x000feb       data     extern C:\MCC18\src\traditional\proc\p18F2550.asm
                   PLUSW1   0x000fe3       data     extern C:\MCC18\src\traditional\proc\p18F2550.asm
                   PLUSW2   0x000fdb       data     extern C:\MCC18\src\traditional\proc\p18F2550.asm
                    PORTA   0x000f80       data     extern C:\MCC18\src\traditional\proc\p18F2550.asm
                PORTAbits   0x000f80       data     extern C:\MCC18\src\traditional\proc\p18F2550.asm
                    PORTB   0x000f81       data     extern C:\MCC18\src\traditional\proc\p18F2550.asm
                PORTBbits   0x000f81       data     extern C:\MCC18\src\traditional\proc\p18F2550.asm
                    PORTC   0x000f82       data     extern C:\MCC18\src\traditional\proc\p18F2550.asm
                PORTCbits   0x000f82       data     extern C:\MCC18\src\traditional\proc\p18F2550.asm
                    PORTE   0x000f84       data     extern C:\MCC18\src\traditional\proc\p18F2550.asm
                PORTEbits   0x000f84       data     extern C:\MCC18\src\traditional\proc\p18F2550.asm
                 POSTDEC0   0x000fed       data     extern C:\MCC18\src\traditional\proc\p18F2550.asm
                 POSTDEC1   0x000fe5       data     extern C:\MCC18\src\traditional\proc\p18F2550.asm
                 POSTDEC2   0x000fdd       data     extern C:\MCC18\src\traditional\proc\p18F2550.asm
                 POSTINC0   0x000fee       data     extern C:\MCC18\src\traditional\proc\p18F2550.asm
                 POSTINC1   0x000fe6       data     extern C:\MCC18\src\traditional\proc\p18F2550.asm
                 POSTINC2   0x000fde       data     extern C:\MCC18\src\traditional\proc\p18F2550.asm
                      PR2   0x000fcb       data     extern C:\MCC18\src\traditional\proc\p18F2550.asm
                  PREINC0   0x000fec       data     extern C:\MCC18\src\traditional\proc\p18F2550.asm
                  PREINC1   0x000fe4       data     extern C:\MCC18\src\traditional\proc\p18F2550.asm
                  PREINC2   0x000fdc       data     extern C:\MCC18\src\traditional\proc\p18F2550.asm
                     PROD   0x000ff3       data     extern C:\MCC18\src\traditional\proc\p18F2550.asm
                    PRODH   0x000ff4       data     extern C:\MCC18\src\traditional\proc\p18F2550.asm
                    PRODL   0x000ff3       data     extern C:\MCC18\src\traditional\proc\p18F2550.asm
                     RCON   0x000fd0       data     extern C:\MCC18\src\traditional\proc\p18F2550.asm
                 RCONbits   0x000fd0       data     extern C:\MCC18\src\traditional\proc\p18F2550.asm
                    RCREG   0x000fae       data     extern C:\MCC18\src\traditional\proc\p18F2550.asm
                    RCSTA   0x000fab       data     extern C:\MCC18\src\traditional\proc\p18F2550.asm
                RCSTAbits   0x000fab       data     extern C:\MCC18\src\traditional\proc\p18F2550.asm
                     SIGN   0x000004       data     extern C:\MCC18\src\traditional\math\cmath18.asm
                    SPBRG   0x000faf       data     extern C:\MCC18\src\traditional\proc\p18F2550.asm
                   SPBRGH   0x000fb0       data     extern C:\MCC18\src\traditional\proc\p18F2550.asm
                   SSPADD   0x000fc8       data     extern C:\MCC18\src\traditional\proc\p18F2550.asm
                   SSPBUF   0x000fc9       data     extern C:\MCC18\src\traditional\proc\p18F2550.asm
                  SSPCON1   0x000fc6       data     extern C:\MCC18\src\traditional\proc\p18F2550.asm
              SSPCON1bits   0x000fc6       data     extern C:\MCC18\src\traditional\proc\p18F2550.asm
                  SSPCON2   0x000fc5       data     extern C:\MCC18\src\traditional\proc\p18F2550.asm
              SSPCON2bits   0x000fc5       data     extern C:\MCC18\src\traditional\proc\p18F2550.asm
                  SSPSTAT   0x000fc7       data     extern C:\MCC18\src\traditional\proc\p18F2550.asm
              SSPSTATbits   0x000fc7       data     extern C:\MCC18\src\traditional\proc\p18F2550.asm
                   STATUS   0x000fd8       data     extern C:\MCC18\src\traditional\proc\p18F2550.asm
               STATUSbits   0x000fd8       data     extern C:\MCC18\src\traditional\proc\p18F2550.asm
                   STKPTR   0x000ffc       data     extern C:\MCC18\src\traditional\proc\p18F2550.asm
               STKPTRbits   0x000ffc       data     extern C:\MCC18\src\traditional\proc\p18F2550.asm
                    T0CON   0x000fd5       data     extern C:\MCC18\src\traditional\proc\p18F2550.asm
                T0CONbits   0x000fd5       data     extern C:\MCC18\src\traditional\proc\p18F2550.asm
                    T1CON   0x000fcd       data     extern C:\MCC18\src\traditional\proc\p18F2550.asm
                T1CONbits   0x000fcd       data     extern C:\MCC18\src\traditional\proc\p18F2550.asm
                    T2CON   0x000fca       data     extern C:\MCC18\src\traditional\proc\p18F2550.asm
                T2CONbits   0x000fca       data     extern C:\MCC18\src\traditional\proc\p18F2550.asm
                    T3CON   0x000fb1       data     extern C:\MCC18\src\traditional\proc\p18F2550.asm
                T3CONbits   0x000fb1       data     extern C:\MCC18\src\traditional\proc\p18F2550.asm
                   TABLAT   0x000ff5       data     extern C:\MCC18\src\traditional\proc\p18F2550.asm
                   TBLPTR   0x000ff6       data     extern C:\MCC18\src\traditional\proc\p18F2550.asm
                  TBLPTRH   0x000ff7       data     extern C:\MCC18\src\traditional\proc\p18F2550.asm
                  TBLPTRL   0x000ff6       data     extern C:\MCC18\src\traditional\proc\p18F2550.asm
                  TBLPTRU   0x000ff8       data     extern C:\MCC18\src\traditional\proc\p18F2550.asm
                    TMR0H   0x000fd7       data     extern C:\MCC18\src\traditional\proc\p18F2550.asm
                    TMR0L   0x000fd6       data     extern C:\MCC18\src\traditional\proc\p18F2550.asm
                    TMR1H   0x000fcf       data     extern C:\MCC18\src\traditional\proc\p18F2550.asm
                    TMR1L   0x000fce       data     extern C:\MCC18\src\traditional\proc\p18F2550.asm
                     TMR2   0x000fcc       data     extern C:\MCC18\src\traditional\proc\p18F2550.asm
                    TMR3H   0x000fb3       data     extern C:\MCC18\src\traditional\proc\p18F2550.asm
                    TMR3L   0x000fb2       data     extern C:\MCC18\src\traditional\proc\p18F2550.asm
                      TOS   0x000ffd       data     extern C:\MCC18\src\traditional\proc\p18F2550.asm
                     TOSH   0x000ffe       data     extern C:\MCC18\src\traditional\proc\p18F2550.asm
                     TOSL   0x000ffd       data     extern C:\MCC18\src\traditional\proc\p18F2550.asm
                     TOSU   0x000fff       data     extern C:\MCC18\src\traditional\proc\p18F2550.asm
                    TRISA   0x000f92       data     extern C:\MCC18\src\traditional\proc\p18F2550.asm
                TRISAbits   0x000f92       data     extern C:\MCC18\src\traditional\proc\p18F2550.asm
                    TRISB   0x000f93       data     extern C:\MCC18\src\traditional\proc\p18F2550.asm
                TRISBbits   0x000f93       data     extern C:\MCC18\src\traditional\proc\p18F2550.asm
                    TRISC   0x000f94       data     extern C:\MCC18\src\traditional\proc\p18F2550.asm
                TRISCbits   0x000f94       data     extern C:\MCC18\src\traditional\proc\p18F2550.asm
                    TXREG   0x000fad       data     extern C:\MCC18\src\traditional\proc\p18F2550.asm
                    TXSTA   0x000fac       data     extern C:\MCC18\src\traditional\proc\p18F2550.asm
                TXSTAbits   0x000fac       data     extern C:\MCC18\src\traditional\proc\p18F2550.asm
                    UADDR   0x000f6e       data     extern C:\MCC18\src\traditional\proc\p18F2550.asm
                UADDRbits   0x000f6e       data     extern C:\MCC18\src\traditional\proc\p18F2550.asm
                     UCFG   0x000f6f       data     extern C:\MCC18\src\traditional\proc\p18F2550.asm
                 UCFGbits   0x000f6f       data     extern C:\MCC18\src\traditional\proc\p18F2550.asm
                     UCON   0x000f6d       data     extern C:\MCC18\src\traditional\proc\p18F2550.asm
                 UCONbits   0x000f6d       data     extern C:\MCC18\src\traditional\proc\p18F2550.asm
                     UEIE   0x000f6b       data     extern C:\MCC18\src\traditional\proc\p18F2550.asm
                 UEIEbits   0x000f6b       data     extern C:\MCC18\src\traditional\proc\p18F2550.asm
                     UEIR   0x000f6a       data     extern C:\MCC18\src\traditional\proc\p18F2550.asm
                 UEIRbits   0x000f6a       data     extern C:\MCC18\src\traditional\proc\p18F2550.asm
                     UEP0   0x000f70       data     extern C:\MCC18\src\traditional\proc\p18F2550.asm
                 UEP0bits   0x000f70       data     extern C:\MCC18\src\traditional\proc\p18F2550.asm
                     UEP1   0x000f71       data     extern C:\MCC18\src\traditional\proc\p18F2550.asm
                    UEP10   0x000f7a       data     extern C:\MCC18\src\traditional\proc\p18F2550.asm
                UEP10bits   0x000f7a       data     extern C:\MCC18\src\traditional\proc\p18F2550.asm
                    UEP11   0x000f7b       data     extern C:\MCC18\src\traditional\proc\p18F2550.asm
                UEP11bits   0x000f7b       data     extern C:\MCC18\src\traditional\proc\p18F2550.asm
                    UEP12   0x000f7c       data     extern C:\MCC18\src\traditional\proc\p18F2550.asm
                UEP12bits   0x000f7c       data     extern C:\MCC18\src\traditional\proc\p18F2550.asm
                    UEP13   0x000f7d       data     extern C:\MCC18\src\traditional\proc\p18F2550.asm
                UEP13bits   0x000f7d       data     extern C:\MCC18\src\traditional\proc\p18F2550.asm
                    UEP14   0x000f7e       data     extern C:\MCC18\src\traditional\proc\p18F2550.asm
                UEP14bits   0x000f7e       data     extern C:\MCC18\src\traditional\proc\p18F2550.asm
                    UEP15   0x000f7f       data     extern C:\MCC18\src\traditional\proc\p18F2550.asm
                UEP15bits   0x000f7f       data     extern C:\MCC18\src\traditional\proc\p18F2550.asm
                 UEP1bits   0x000f71       data     extern C:\MCC18\src\traditional\proc\p18F2550.asm
                     UEP2   0x000f72       data     extern C:\MCC18\src\traditional\proc\p18F2550.asm
                 UEP2bits   0x000f72       data     extern C:\MCC18\src\traditional\proc\p18F2550.asm
                     UEP3   0x000f73       data     extern C:\MCC18\src\traditional\proc\p18F2550.asm
                 UEP3bits   0x000f73       data     extern C:\MCC18\src\traditional\proc\p18F2550.asm
                     UEP4   0x000f74       data     extern C:\MCC18\src\traditional\proc\p18F2550.asm
                 UEP4bits   0x000f74       data     extern C:\MCC18\src\traditional\proc\p18F2550.asm
                     UEP5   0x000f75       data     extern C:\MCC18\src\traditional\proc\p18F2550.asm
                 UEP5bits   0x000f75       data     extern C:\MCC18\src\traditional\proc\p18F2550.asm
                     UEP6   0x000f76       data     extern C:\MCC18\src\traditional\proc\p18F2550.asm
                 UEP6bits   0x000f76       data     extern C:\MCC18\src\traditional\proc\p18F2550.asm
                     UEP7   0x000f77       data     extern C:\MCC18\src\traditional\proc\p18F2550.asm
                 UEP7bits   0x000f77       data     extern C:\MCC18\src\traditional\proc\p18F2550.asm
                     UEP8   0x000f78       data     extern C:\MCC18\src\traditional\proc\p18F2550.asm
                 UEP8bits   0x000f78       data     extern C:\MCC18\src\traditional\proc\p18F2550.asm
                     UEP9   0x000f79       data     extern C:\MCC18\src\traditional\proc\p18F2550.asm
                 UEP9bits   0x000f79       data     extern C:\MCC18\src\traditional\proc\p18F2550.asm
                     UFRM   0x000f66       data     extern C:\MCC18\src\traditional\proc\p18F2550.asm
                    UFRMH   0x000f67       data     extern C:\MCC18\src\traditional\proc\p18F2550.asm
                UFRMHbits   0x000f67       data     extern C:\MCC18\src\traditional\proc\p18F2550.asm
                    UFRML   0x000f66       data     extern C:\MCC18\src\traditional\proc\p18F2550.asm
                UFRMLbits   0x000f66       data     extern C:\MCC18\src\traditional\proc\p18F2550.asm
                      UIE   0x000f69       data     extern C:\MCC18\src\traditional\proc\p18F2550.asm
                  UIEbits   0x000f69       data     extern C:\MCC18\src\traditional\proc\p18F2550.asm
                      UIR   0x000f68       data     extern C:\MCC18\src\traditional\proc\p18F2550.asm
                  UIRbits   0x000f68       data     extern C:\MCC18\src\traditional\proc\p18F2550.asm
             USART_Status   0x0001f6       data     extern C:\MCC18\src\pmc_common\USART\udefs.c
                    USTAT   0x000f6c       data     extern C:\MCC18\src\traditional\proc\p18F2550.asm
                USTATbits   0x000f6c       data     extern C:\MCC18\src\traditional\proc\p18F2550.asm
                   WDTCON   0x000fd1       data     extern C:\MCC18\src\traditional\proc\p18F2550.asm
               WDTCONbits   0x000fd1       data     extern C:\MCC18\src\traditional\proc\p18F2550.asm
                     WREG   0x000fe8       data     extern C:\MCC18\src\traditional\proc\p18F2550.asm
                __FPFLAGS   0x000005       data     extern C:\MCC18\src\traditional\math\cmath18.asm
            __FPFLAGSbits   0x000005       data     extern C:\MCC18\src\traditional\math\cmath18.asm
            __WriteTest:0   0x0001e5       data     extern C:\Users\Dries\Documents\GitHub\TTREX-PIC\UART.X\main.c
                  __tmp_0   0x000000       data     static C:\Users\Dries\Documents\GitHub\TTREX-PIC\UART.X\main.c
                  __tmp_0   0x000000       data     static C:\MCC18\src\pmc_common\USART\uopen.c
                     buff   0x000102       data     extern C:\Users\Dries\Documents\GitHub\TTREX-PIC\UART.X\main.c
                curr_byte   0x0001ea       data     static C:\MCC18\src\traditional\startup\c018i.c
               curr_entry   0x0001ec       data     static C:\MCC18\src\traditional\startup\c018i.c
                 data_ptr   0x0001ee       data     static C:\MCC18\src\traditional\startup\c018i.c
               gpsReceive   0x0001f3       data     extern C:\Users\Dries\Documents\GitHub\TTREX-PIC\UART.X\main.c
                       id   0x0001e3       data     extern C:\Users\Dries\Documents\GitHub\TTREX-PIC\UART.X\main.c
                    instr   0x0001ca       data     extern C:\Users\Dries\Documents\GitHub\TTREX-PIC\UART.X\main.c
                     prom   0x0001e7       data     static C:\MCC18\src\traditional\startup\c018i.c
                  sw_flag   0x0001f1       data     extern C:\Users\Dries\Documents\GitHub\TTREX-PIC\UART.X\main.c
                 uartdata   0x0001f4       data     extern C:\MCC18\src\pmc_common\SW_UART\uartdata.asm



                              Symbols - Sorted by Address
                     Name    Address   Location    Storage File                     
                ---------  ---------  ---------  --------- ---------                
                   _entry   0x000000    program     extern C:\MCC18\src\traditional\startup\c018i.c
       ___return_lbl00000   0x000004    program     static                          
                   _reset   0x000800    program     extern C:\Users\Dries\Documents\GitHub\TTREX-PIC\UART.X\main.c
       ___return_lbl00000   0x000804    program     static                          
                   __init   0x000806    program     extern C:\MCC18\src\traditional\stdclib\__init.c
                _high_ISR   0x000808    program     extern C:\Users\Dries\Documents\GitHub\TTREX-PIC\UART.X\main.c
                 _low_ISR   0x000818    program     extern C:\Users\Dries\Documents\GitHub\TTREX-PIC\UART.X\main.c
           DelayTXBitUART   0x00082a    program     extern C:\Users\Dries\Documents\GitHub\TTREX-PIC\UART.X\main.c
       ___return_lbl00004   0x00084e    program     static                          
       DelayRXHalfBitUART   0x000850    program     extern C:\Users\Dries\Documents\GitHub\TTREX-PIC\UART.X\main.c
       ___return_lbl00005   0x000870    program     static                          
           DelayRXBitUART   0x000872    program     extern C:\Users\Dries\Documents\GitHub\TTREX-PIC\UART.X\main.c
       ___return_lbl00006   0x000892    program     static                          
                 initChip   0x000894    program     extern C:\Users\Dries\Documents\GitHub\TTREX-PIC\UART.X\main.c
                  initGPS   0x0008ba    program     extern C:\Users\Dries\Documents\GitHub\TTREX-PIC\UART.X\main.c
                     main   0x000946    program     extern C:\Users\Dries\Documents\GitHub\TTREX-PIC\UART.X\main.c
            handleCommand   0x00096e    program     extern C:\Users\Dries\Documents\GitHub\TTREX-PIC\UART.X\main.c
                WriteXbee   0x000a40    program     extern C:\Users\Dries\Documents\GitHub\TTREX-PIC\UART.X\main.c
                 WriteGPS   0x000a82    program     extern C:\Users\Dries\Documents\GitHub\TTREX-PIC\UART.X\main.c
                WriteTest   0x000ad2    program     extern C:\Users\Dries\Documents\GitHub\TTREX-PIC\UART.X\main.c
               read_gps_2   0x000b14    program     extern C:\Users\Dries\Documents\GitHub\TTREX-PIC\UART.X\main.c
                WriteData   0x000c04    program     extern C:\Users\Dries\Documents\GitHub\TTREX-PIC\UART.X\main.c
               __string_7   0x000c78    program     static C:\Users\Dries\Documents\GitHub\TTREX-PIC\UART.X\main.c
               __string_6   0x000cc7    program     static C:\Users\Dries\Documents\GitHub\TTREX-PIC\UART.X\main.c
               __string_5   0x000d16    program     static C:\Users\Dries\Documents\GitHub\TTREX-PIC\UART.X\main.c
               __string_4   0x000d65    program     static C:\Users\Dries\Documents\GitHub\TTREX-PIC\UART.X\main.c
               __string_3   0x000db4    program     static C:\Users\Dries\Documents\GitHub\TTREX-PIC\UART.X\main.c
               __string_2   0x000e03    program     static C:\Users\Dries\Documents\GitHub\TTREX-PIC\UART.X\main.c
               __string_1   0x000e54    program     static C:\Users\Dries\Documents\GitHub\TTREX-PIC\UART.X\main.c
               __string_0   0x000ea4    program     static C:\Users\Dries\Documents\GitHub\TTREX-PIC\UART.X\main.c
                _do_cinit   0x000ea8    program     extern C:\MCC18\src\traditional\startup\c018i.c
                     test   0x000ec2    program     static                          
                copy_loop   0x000f1a    program     static                          
            copy_one_byte   0x000f20    program     static                          
             done_copying   0x000f2e    program     static                          
                     done   0x000f44    program     static                          
       ___return_lbl00002   0x000f44    program     static                          
     InterruptHandlerHigh   0x000f46    program     extern C:\Users\Dries\Documents\GitHub\TTREX-PIC\UART.X\main.c
                OpenUSART   0x000fe2    program     extern C:\MCC18\src\pmc_common\USART\uopen.c
                 OpenUART   0x00106c    program     extern C:\MCC18\src\pmc_common\SW_UART\openuart.asm
                 ReadUART   0x00107a    program     extern C:\MCC18\src\pmc_common\SW_UART\readuart.asm
                 WaitChar   0x001082    program     static C:\MCC18\src\pmc_common\SW_UART\readuart.asm
                  GetChar   0x001094    program     static C:\MCC18\src\pmc_common\SW_UART\readuart.asm
                WriteUART   0x0010bc    program     extern C:\MCC18\src\pmc_common\SW_UART\writuart.asm
                  SendBit   0x0010d0    program     static C:\MCC18\src\pmc_common\SW_UART\writuart.asm
                SendStart   0x0010d4    program     static C:\MCC18\src\pmc_common\SW_UART\writuart.asm
                 getsUART   0x0010f4    program     extern C:\MCC18\src\pmc_common\SW_UART\getsuart.c
                 putsUART   0x00114e    program     extern C:\MCC18\src\pmc_common\SW_UART\putsuart.c
                   memset   0x001196    program     extern C:\MCC18\src\traditional\stdclib\memset.asm
                    jLoop   0x0011aa    program     static C:\MCC18\src\traditional\stdclib\memset.asm
              _2jContinue   0x0011b6    program     static C:\MCC18\src\traditional\stdclib\memset.asm
                   _3jEnd   0x0011c0    program     static C:\MCC18\src\traditional\stdclib\memset.asm
                     jEnd   0x0011c8    program     static C:\MCC18\src\traditional\stdclib\memset.asm
             Delay10KTCYx   0x0011ca    program     extern C:\MCC18\src\traditional\delays\d10ktcyx.asm
                    D10Kx   0x0011d4    program     static C:\MCC18\src\traditional\delays\d10ktcyx.asm
                   D10K_1   0x0011d6    program     static C:\MCC18\src\traditional\delays\d10ktcyx.asm
       _D10KTCYXCODE_0010   0x0011da    program     static C:\MCC18\src\traditional\delays\d10ktcyx.asm
                    D10Kl   0x0011e2    program     static C:\MCC18\src\traditional\delays\d10ktcyx.asm
       _D10KTCYXCODE_001C   0x0011e6    program     static C:\MCC18\src\traditional\delays\d10ktcyx.asm
               WriteUSART   0x0011f8    program     extern C:\MCC18\src\pmc_common\USART\uwrite.c
            __zero_memory   0x001226    program     extern C:\MCC18\src\traditional\proc\p18F2550.asm
                   loop_h   0x001234    program     static C:\MCC18\src\traditional\proc\p18F2550.asm
               zero_block   0x001234    program     static C:\MCC18\src\traditional\proc\p18F2550.asm
                compare_l   0x00123c    program     static C:\MCC18\src\traditional\proc\p18F2550.asm
                   loop_l   0x00123e    program     static C:\MCC18\src\traditional\proc\p18F2550.asm
                 _startup   0x001246    program     extern C:\MCC18\src\traditional\startup\c018i.c
                     loop   0x001256    program     static                          
       ___return_lbl00001   0x001260    program     static                          
             Delay100TCYx   0x001262    program     extern C:\MCC18\src\traditional\delays\d100tcyx.asm
       _D100TCYXCODE_0008   0x00126a    program     static C:\MCC18\src\traditional\delays\d100tcyx.asm
                    D100x   0x00126e    program     static C:\MCC18\src\traditional\delays\d100tcyx.asm
                   D100_1   0x001270    program     static C:\MCC18\src\traditional\delays\d100tcyx.asm
       _D100TCYXCODE_0012   0x001274    program     static C:\MCC18\src\traditional\delays\d100tcyx.asm
       _D100TCYXCODE_0018   0x00127a    program     static C:\MCC18\src\traditional\delays\d100tcyx.asm
              Delay10TCYx   0x00127e    program     extern C:\MCC18\src\traditional\delays\d10tcyx.asm
                     D10x   0x001286    program     static C:\MCC18\src\traditional\delays\d10tcyx.asm
        _D10TCYXCODE_000A   0x001288    program     static C:\MCC18\src\traditional\delays\d10tcyx.asm
        _D10TCYXCODE_000C   0x00128a    program     static C:\MCC18\src\traditional\delays\d10tcyx.asm
        _D10TCYXCODE_000E   0x00128c    program     static C:\MCC18\src\traditional\delays\d10tcyx.asm
                    D10_1   0x00128e    program     static C:\MCC18\src\traditional\delays\d10tcyx.asm
                  __tmp_0   0x000000       data     static C:\MCC18\src\pmc_common\USART\uopen.c
                  __tmp_0   0x000000       data     static C:\Users\Dries\Documents\GitHub\TTREX-PIC\UART.X\main.c
                     SIGN   0x000004       data     extern C:\MCC18\src\traditional\math\cmath18.asm
            __FPFLAGSbits   0x000005       data     extern C:\MCC18\src\traditional\math\cmath18.asm
                __FPFLAGS   0x000005       data     extern C:\MCC18\src\traditional\math\cmath18.asm
            DelayCounter2   0x000006       data     extern C:\MCC18\src\traditional\delays\delayd2.asm
            DelayCounter1   0x000007       data     extern C:\MCC18\src\traditional\delays\delayd1.asm
               DelayCount   0x000100       data     extern C:\Users\Dries\Documents\GitHub\TTREX-PIC\UART.X\main.c
                     buff   0x000102       data     extern C:\Users\Dries\Documents\GitHub\TTREX-PIC\UART.X\main.c
                    instr   0x0001ca       data     extern C:\Users\Dries\Documents\GitHub\TTREX-PIC\UART.X\main.c
                       id   0x0001e3       data     extern C:\Users\Dries\Documents\GitHub\TTREX-PIC\UART.X\main.c
                      GPS   0x0001e5       data     static C:\Users\Dries\Documents\GitHub\TTREX-PIC\UART.X\main.c
            __WriteTest:0   0x0001e5       data     extern C:\Users\Dries\Documents\GitHub\TTREX-PIC\UART.X\main.c
                     prom   0x0001e7       data     static C:\MCC18\src\traditional\startup\c018i.c
                curr_byte   0x0001ea       data     static C:\MCC18\src\traditional\startup\c018i.c
               curr_entry   0x0001ec       data     static C:\MCC18\src\traditional\startup\c018i.c
                 data_ptr   0x0001ee       data     static C:\MCC18\src\traditional\startup\c018i.c
                  sw_flag   0x0001f1       data     extern C:\Users\Dries\Documents\GitHub\TTREX-PIC\UART.X\main.c
               gpsReceive   0x0001f3       data     extern C:\Users\Dries\Documents\GitHub\TTREX-PIC\UART.X\main.c
                 uartdata   0x0001f4       data     extern C:\MCC18\src\pmc_common\SW_UART\uartdata.asm
                 BitCount   0x0001f5       data     extern C:\MCC18\src\pmc_common\SW_UART\uartdata.asm
             USART_Status   0x0001f6       data     extern C:\MCC18\src\pmc_common\USART\udefs.c
                UFRMLbits   0x000f66       data     extern C:\MCC18\src\traditional\proc\p18F2550.asm
                    UFRML   0x000f66       data     extern C:\MCC18\src\traditional\proc\p18F2550.asm
                     UFRM   0x000f66       data     extern C:\MCC18\src\traditional\proc\p18F2550.asm
                UFRMHbits   0x000f67       data     extern C:\MCC18\src\traditional\proc\p18F2550.asm
                    UFRMH   0x000f67       data     extern C:\MCC18\src\traditional\proc\p18F2550.asm
                      UIR   0x000f68       data     extern C:\MCC18\src\traditional\proc\p18F2550.asm
                  UIRbits   0x000f68       data     extern C:\MCC18\src\traditional\proc\p18F2550.asm
                      UIE   0x000f69       data     extern C:\MCC18\src\traditional\proc\p18F2550.asm
                  UIEbits   0x000f69       data     extern C:\MCC18\src\traditional\proc\p18F2550.asm
                     UEIR   0x000f6a       data     extern C:\MCC18\src\traditional\proc\p18F2550.asm
                 UEIRbits   0x000f6a       data     extern C:\MCC18\src\traditional\proc\p18F2550.asm
                     UEIE   0x000f6b       data     extern C:\MCC18\src\traditional\proc\p18F2550.asm
                 UEIEbits   0x000f6b       data     extern C:\MCC18\src\traditional\proc\p18F2550.asm
                USTATbits   0x000f6c       data     extern C:\MCC18\src\traditional\proc\p18F2550.asm
                    USTAT   0x000f6c       data     extern C:\MCC18\src\traditional\proc\p18F2550.asm
                 UCONbits   0x000f6d       data     extern C:\MCC18\src\traditional\proc\p18F2550.asm
                     UCON   0x000f6d       data     extern C:\MCC18\src\traditional\proc\p18F2550.asm
                UADDRbits   0x000f6e       data     extern C:\MCC18\src\traditional\proc\p18F2550.asm
                    UADDR   0x000f6e       data     extern C:\MCC18\src\traditional\proc\p18F2550.asm
                 UCFGbits   0x000f6f       data     extern C:\MCC18\src\traditional\proc\p18F2550.asm
                     UCFG   0x000f6f       data     extern C:\MCC18\src\traditional\proc\p18F2550.asm
                     UEP0   0x000f70       data     extern C:\MCC18\src\traditional\proc\p18F2550.asm
                 UEP0bits   0x000f70       data     extern C:\MCC18\src\traditional\proc\p18F2550.asm
                     UEP1   0x000f71       data     extern C:\MCC18\src\traditional\proc\p18F2550.asm
                 UEP1bits   0x000f71       data     extern C:\MCC18\src\traditional\proc\p18F2550.asm
                 UEP2bits   0x000f72       data     extern C:\MCC18\src\traditional\proc\p18F2550.asm
                     UEP2   0x000f72       data     extern C:\MCC18\src\traditional\proc\p18F2550.asm
                 UEP3bits   0x000f73       data     extern C:\MCC18\src\traditional\proc\p18F2550.asm
                     UEP3   0x000f73       data     extern C:\MCC18\src\traditional\proc\p18F2550.asm
                     UEP4   0x000f74       data     extern C:\MCC18\src\traditional\proc\p18F2550.asm
                 UEP4bits   0x000f74       data     extern C:\MCC18\src\traditional\proc\p18F2550.asm
                     UEP5   0x000f75       data     extern C:\MCC18\src\traditional\proc\p18F2550.asm
                 UEP5bits   0x000f75       data     extern C:\MCC18\src\traditional\proc\p18F2550.asm
                     UEP6   0x000f76       data     extern C:\MCC18\src\traditional\proc\p18F2550.asm
                 UEP6bits   0x000f76       data     extern C:\MCC18\src\traditional\proc\p18F2550.asm
                     UEP7   0x000f77       data     extern C:\MCC18\src\traditional\proc\p18F2550.asm
                 UEP7bits   0x000f77       data     extern C:\MCC18\src\traditional\proc\p18F2550.asm
                 UEP8bits   0x000f78       data     extern C:\MCC18\src\traditional\proc\p18F2550.asm
                     UEP8   0x000f78       data     extern C:\MCC18\src\traditional\proc\p18F2550.asm
                     UEP9   0x000f79       data     extern C:\MCC18\src\traditional\proc\p18F2550.asm
                 UEP9bits   0x000f79       data     extern C:\MCC18\src\traditional\proc\p18F2550.asm
                UEP10bits   0x000f7a       data     extern C:\MCC18\src\traditional\proc\p18F2550.asm
                    UEP10   0x000f7a       data     extern C:\MCC18\src\traditional\proc\p18F2550.asm
                    UEP11   0x000f7b       data     extern C:\MCC18\src\traditional\proc\p18F2550.asm
                UEP11bits   0x000f7b       data     extern C:\MCC18\src\traditional\proc\p18F2550.asm
                    UEP12   0x000f7c       data     extern C:\MCC18\src\traditional\proc\p18F2550.asm
                UEP12bits   0x000f7c       data     extern C:\MCC18\src\traditional\proc\p18F2550.asm
                UEP13bits   0x000f7d       data     extern C:\MCC18\src\traditional\proc\p18F2550.asm
                    UEP13   0x000f7d       data     extern C:\MCC18\src\traditional\proc\p18F2550.asm
                UEP14bits   0x000f7e       data     extern C:\MCC18\src\traditional\proc\p18F2550.asm
                    UEP14   0x000f7e       data     extern C:\MCC18\src\traditional\proc\p18F2550.asm
                UEP15bits   0x000f7f       data     extern C:\MCC18\src\traditional\proc\p18F2550.asm
                    UEP15   0x000f7f       data     extern C:\MCC18\src\traditional\proc\p18F2550.asm
                PORTAbits   0x000f80       data     extern C:\MCC18\src\traditional\proc\p18F2550.asm
                    PORTA   0x000f80       data     extern C:\MCC18\src\traditional\proc\p18F2550.asm
                PORTBbits   0x000f81       data     extern C:\MCC18\src\traditional\proc\p18F2550.asm
                    PORTB   0x000f81       data     extern C:\MCC18\src\traditional\proc\p18F2550.asm
                PORTCbits   0x000f82       data     extern C:\MCC18\src\traditional\proc\p18F2550.asm
                    PORTC   0x000f82       data     extern C:\MCC18\src\traditional\proc\p18F2550.asm
                PORTEbits   0x000f84       data     extern C:\MCC18\src\traditional\proc\p18F2550.asm
                    PORTE   0x000f84       data     extern C:\MCC18\src\traditional\proc\p18F2550.asm
                 LATAbits   0x000f89       data     extern C:\MCC18\src\traditional\proc\p18F2550.asm
                     LATA   0x000f89       data     extern C:\MCC18\src\traditional\proc\p18F2550.asm
                 LATBbits   0x000f8a       data     extern C:\MCC18\src\traditional\proc\p18F2550.asm
                     LATB   0x000f8a       data     extern C:\MCC18\src\traditional\proc\p18F2550.asm
                 LATCbits   0x000f8b       data     extern C:\MCC18\src\traditional\proc\p18F2550.asm
                     LATC   0x000f8b       data     extern C:\MCC18\src\traditional\proc\p18F2550.asm
                    TRISA   0x000f92       data     extern C:\MCC18\src\traditional\proc\p18F2550.asm
                TRISAbits   0x000f92       data     extern C:\MCC18\src\traditional\proc\p18F2550.asm
                     DDRA   0x000f92       data     extern C:\MCC18\src\traditional\proc\p18F2550.asm
                 DDRAbits   0x000f92       data     extern C:\MCC18\src\traditional\proc\p18F2550.asm
                    TRISB   0x000f93       data     extern C:\MCC18\src\traditional\proc\p18F2550.asm
                TRISBbits   0x000f93       data     extern C:\MCC18\src\traditional\proc\p18F2550.asm
                     DDRB   0x000f93       data     extern C:\MCC18\src\traditional\proc\p18F2550.asm
                 DDRBbits   0x000f93       data     extern C:\MCC18\src\traditional\proc\p18F2550.asm
                     DDRC   0x000f94       data     extern C:\MCC18\src\traditional\proc\p18F2550.asm
                 DDRCbits   0x000f94       data     extern C:\MCC18\src\traditional\proc\p18F2550.asm
                    TRISC   0x000f94       data     extern C:\MCC18\src\traditional\proc\p18F2550.asm
                TRISCbits   0x000f94       data     extern C:\MCC18\src\traditional\proc\p18F2550.asm
              OSCTUNEbits   0x000f9b       data     extern C:\MCC18\src\traditional\proc\p18F2550.asm
                  OSCTUNE   0x000f9b       data     extern C:\MCC18\src\traditional\proc\p18F2550.asm
                     PIE1   0x000f9d       data     extern C:\MCC18\src\traditional\proc\p18F2550.asm
                 PIE1bits   0x000f9d       data     extern C:\MCC18\src\traditional\proc\p18F2550.asm
                     PIR1   0x000f9e       data     extern C:\MCC18\src\traditional\proc\p18F2550.asm
                 PIR1bits   0x000f9e       data     extern C:\MCC18\src\traditional\proc\p18F2550.asm
                 IPR1bits   0x000f9f       data     extern C:\MCC18\src\traditional\proc\p18F2550.asm
                     IPR1   0x000f9f       data     extern C:\MCC18\src\traditional\proc\p18F2550.asm
                     PIE2   0x000fa0       data     extern C:\MCC18\src\traditional\proc\p18F2550.asm
                 PIE2bits   0x000fa0       data     extern C:\MCC18\src\traditional\proc\p18F2550.asm
                 PIR2bits   0x000fa1       data     extern C:\MCC18\src\traditional\proc\p18F2550.asm
                     PIR2   0x000fa1       data     extern C:\MCC18\src\traditional\proc\p18F2550.asm
                     IPR2   0x000fa2       data     extern C:\MCC18\src\traditional\proc\p18F2550.asm
                 IPR2bits   0x000fa2       data     extern C:\MCC18\src\traditional\proc\p18F2550.asm
               EECON1bits   0x000fa6       data     extern C:\MCC18\src\traditional\proc\p18F2550.asm
                   EECON1   0x000fa6       data     extern C:\MCC18\src\traditional\proc\p18F2550.asm
                   EECON2   0x000fa7       data     extern C:\MCC18\src\traditional\proc\p18F2550.asm
                   EEDATA   0x000fa8       data     extern C:\MCC18\src\traditional\proc\p18F2550.asm
                    EEADR   0x000fa9       data     extern C:\MCC18\src\traditional\proc\p18F2550.asm
                    RCSTA   0x000fab       data     extern C:\MCC18\src\traditional\proc\p18F2550.asm
                RCSTAbits   0x000fab       data     extern C:\MCC18\src\traditional\proc\p18F2550.asm
                    TXSTA   0x000fac       data     extern C:\MCC18\src\traditional\proc\p18F2550.asm
                TXSTAbits   0x000fac       data     extern C:\MCC18\src\traditional\proc\p18F2550.asm
                    TXREG   0x000fad       data     extern C:\MCC18\src\traditional\proc\p18F2550.asm
                    RCREG   0x000fae       data     extern C:\MCC18\src\traditional\proc\p18F2550.asm
                    SPBRG   0x000faf       data     extern C:\MCC18\src\traditional\proc\p18F2550.asm
                   SPBRGH   0x000fb0       data     extern C:\MCC18\src\traditional\proc\p18F2550.asm
                T3CONbits   0x000fb1       data     extern C:\MCC18\src\traditional\proc\p18F2550.asm
                    T3CON   0x000fb1       data     extern C:\MCC18\src\traditional\proc\p18F2550.asm
                    TMR3L   0x000fb2       data     extern C:\MCC18\src\traditional\proc\p18F2550.asm
                    TMR3H   0x000fb3       data     extern C:\MCC18\src\traditional\proc\p18F2550.asm
                    CMCON   0x000fb4       data     extern C:\MCC18\src\traditional\proc\p18F2550.asm
                CMCONbits   0x000fb4       data     extern C:\MCC18\src\traditional\proc\p18F2550.asm
               CVRCONbits   0x000fb5       data     extern C:\MCC18\src\traditional\proc\p18F2550.asm
                   CVRCON   0x000fb5       data     extern C:\MCC18\src\traditional\proc\p18F2550.asm
                   CCP1AS   0x000fb6       data     extern C:\MCC18\src\traditional\proc\p18F2550.asm
               CCP1ASbits   0x000fb6       data     extern C:\MCC18\src\traditional\proc\p18F2550.asm
                  ECCP1AS   0x000fb6       data     extern C:\MCC18\src\traditional\proc\p18F2550.asm
              ECCP1ASbits   0x000fb6       data     extern C:\MCC18\src\traditional\proc\p18F2550.asm
                 ECCP1DEL   0x000fb7       data     extern C:\MCC18\src\traditional\proc\p18F2550.asm
             ECCP1DELbits   0x000fb7       data     extern C:\MCC18\src\traditional\proc\p18F2550.asm
              CCP1DELbits   0x000fb7       data     extern C:\MCC18\src\traditional\proc\p18F2550.asm
                  CCP1DEL   0x000fb7       data     extern C:\MCC18\src\traditional\proc\p18F2550.asm
              BAUDCONbits   0x000fb8       data     extern C:\MCC18\src\traditional\proc\p18F2550.asm
                  BAUDCON   0x000fb8       data     extern C:\MCC18\src\traditional\proc\p18F2550.asm
                  CCP2CON   0x000fba       data     extern C:\MCC18\src\traditional\proc\p18F2550.asm
              CCP2CONbits   0x000fba       data     extern C:\MCC18\src\traditional\proc\p18F2550.asm
                    CCPR2   0x000fbb       data     extern C:\MCC18\src\traditional\proc\p18F2550.asm
                   CCPR2L   0x000fbb       data     extern C:\MCC18\src\traditional\proc\p18F2550.asm
                   CCPR2H   0x000fbc       data     extern C:\MCC18\src\traditional\proc\p18F2550.asm
              CCP1CONbits   0x000fbd       data     extern C:\MCC18\src\traditional\proc\p18F2550.asm
                  CCP1CON   0x000fbd       data     extern C:\MCC18\src\traditional\proc\p18F2550.asm
                   CCPR1L   0x000fbe       data     extern C:\MCC18\src\traditional\proc\p18F2550.asm
                    CCPR1   0x000fbe       data     extern C:\MCC18\src\traditional\proc\p18F2550.asm
                   CCPR1H   0x000fbf       data     extern C:\MCC18\src\traditional\proc\p18F2550.asm
               ADCON2bits   0x000fc0       data     extern C:\MCC18\src\traditional\proc\p18F2550.asm
                   ADCON2   0x000fc0       data     extern C:\MCC18\src\traditional\proc\p18F2550.asm
               ADCON1bits   0x000fc1       data     extern C:\MCC18\src\traditional\proc\p18F2550.asm
                   ADCON1   0x000fc1       data     extern C:\MCC18\src\traditional\proc\p18F2550.asm
                   ADCON0   0x000fc2       data     extern C:\MCC18\src\traditional\proc\p18F2550.asm
               ADCON0bits   0x000fc2       data     extern C:\MCC18\src\traditional\proc\p18F2550.asm
                    ADRES   0x000fc3       data     extern C:\MCC18\src\traditional\proc\p18F2550.asm
                   ADRESL   0x000fc3       data     extern C:\MCC18\src\traditional\proc\p18F2550.asm
                   ADRESH   0x000fc4       data     extern C:\MCC18\src\traditional\proc\p18F2550.asm
                  SSPCON2   0x000fc5       data     extern C:\MCC18\src\traditional\proc\p18F2550.asm
              SSPCON2bits   0x000fc5       data     extern C:\MCC18\src\traditional\proc\p18F2550.asm
                  SSPCON1   0x000fc6       data     extern C:\MCC18\src\traditional\proc\p18F2550.asm
              SSPCON1bits   0x000fc6       data     extern C:\MCC18\src\traditional\proc\p18F2550.asm
                  SSPSTAT   0x000fc7       data     extern C:\MCC18\src\traditional\proc\p18F2550.asm
              SSPSTATbits   0x000fc7       data     extern C:\MCC18\src\traditional\proc\p18F2550.asm
                   SSPADD   0x000fc8       data     extern C:\MCC18\src\traditional\proc\p18F2550.asm
                   SSPBUF   0x000fc9       data     extern C:\MCC18\src\traditional\proc\p18F2550.asm
                T2CONbits   0x000fca       data     extern C:\MCC18\src\traditional\proc\p18F2550.asm
                    T2CON   0x000fca       data     extern C:\MCC18\src\traditional\proc\p18F2550.asm
                      PR2   0x000fcb       data     extern C:\MCC18\src\traditional\proc\p18F2550.asm
                     TMR2   0x000fcc       data     extern C:\MCC18\src\traditional\proc\p18F2550.asm
                T1CONbits   0x000fcd       data     extern C:\MCC18\src\traditional\proc\p18F2550.asm
                    T1CON   0x000fcd       data     extern C:\MCC18\src\traditional\proc\p18F2550.asm
                    TMR1L   0x000fce       data     extern C:\MCC18\src\traditional\proc\p18F2550.asm
                    TMR1H   0x000fcf       data     extern C:\MCC18\src\traditional\proc\p18F2550.asm
                     RCON   0x000fd0       data     extern C:\MCC18\src\traditional\proc\p18F2550.asm
                 RCONbits   0x000fd0       data     extern C:\MCC18\src\traditional\proc\p18F2550.asm
               WDTCONbits   0x000fd1       data     extern C:\MCC18\src\traditional\proc\p18F2550.asm
                   WDTCON   0x000fd1       data     extern C:\MCC18\src\traditional\proc\p18F2550.asm
                  HLVDCON   0x000fd2       data     extern C:\MCC18\src\traditional\proc\p18F2550.asm
              HLVDCONbits   0x000fd2       data     extern C:\MCC18\src\traditional\proc\p18F2550.asm
                   LVDCON   0x000fd2       data     extern C:\MCC18\src\traditional\proc\p18F2550.asm
               LVDCONbits   0x000fd2       data     extern C:\MCC18\src\traditional\proc\p18F2550.asm
                   OSCCON   0x000fd3       data     extern C:\MCC18\src\traditional\proc\p18F2550.asm
               OSCCONbits   0x000fd3       data     extern C:\MCC18\src\traditional\proc\p18F2550.asm
                T0CONbits   0x000fd5       data     extern C:\MCC18\src\traditional\proc\p18F2550.asm
                    T0CON   0x000fd5       data     extern C:\MCC18\src\traditional\proc\p18F2550.asm
                    TMR0L   0x000fd6       data     extern C:\MCC18\src\traditional\proc\p18F2550.asm
                    TMR0H   0x000fd7       data     extern C:\MCC18\src\traditional\proc\p18F2550.asm
                   STATUS   0x000fd8       data     extern C:\MCC18\src\traditional\proc\p18F2550.asm
               STATUSbits   0x000fd8       data     extern C:\MCC18\src\traditional\proc\p18F2550.asm
                    FSR2L   0x000fd9       data     extern C:\MCC18\src\traditional\proc\p18F2550.asm
                     FSR2   0x000fd9       data     extern C:\MCC18\src\traditional\proc\p18F2550.asm
                    FSR2H   0x000fda       data     extern C:\MCC18\src\traditional\proc\p18F2550.asm
                   PLUSW2   0x000fdb       data     extern C:\MCC18\src\traditional\proc\p18F2550.asm
                  PREINC2   0x000fdc       data     extern C:\MCC18\src\traditional\proc\p18F2550.asm
                 POSTDEC2   0x000fdd       data     extern C:\MCC18\src\traditional\proc\p18F2550.asm
                 POSTINC2   0x000fde       data     extern C:\MCC18\src\traditional\proc\p18F2550.asm
                    INDF2   0x000fdf       data     extern C:\MCC18\src\traditional\proc\p18F2550.asm
                      BSR   0x000fe0       data     extern C:\MCC18\src\traditional\proc\p18F2550.asm
                    FSR1L   0x000fe1       data     extern C:\MCC18\src\traditional\proc\p18F2550.asm
                     FSR1   0x000fe1       data     extern C:\MCC18\src\traditional\proc\p18F2550.asm
                    FSR1H   0x000fe2       data     extern C:\MCC18\src\traditional\proc\p18F2550.asm
                   PLUSW1   0x000fe3       data     extern C:\MCC18\src\traditional\proc\p18F2550.asm
                  PREINC1   0x000fe4       data     extern C:\MCC18\src\traditional\proc\p18F2550.asm
                 POSTDEC1   0x000fe5       data     extern C:\MCC18\src\traditional\proc\p18F2550.asm
                 POSTINC1   0x000fe6       data     extern C:\MCC18\src\traditional\proc\p18F2550.asm
                    INDF1   0x000fe7       data     extern C:\MCC18\src\traditional\proc\p18F2550.asm
                     WREG   0x000fe8       data     extern C:\MCC18\src\traditional\proc\p18F2550.asm
                    FSR0L   0x000fe9       data     extern C:\MCC18\src\traditional\proc\p18F2550.asm
                     FSR0   0x000fe9       data     extern C:\MCC18\src\traditional\proc\p18F2550.asm
                    FSR0H   0x000fea       data     extern C:\MCC18\src\traditional\proc\p18F2550.asm
                   PLUSW0   0x000feb       data     extern C:\MCC18\src\traditional\proc\p18F2550.asm
                  PREINC0   0x000fec       data     extern C:\MCC18\src\traditional\proc\p18F2550.asm
                 POSTDEC0   0x000fed       data     extern C:\MCC18\src\traditional\proc\p18F2550.asm
                 POSTINC0   0x000fee       data     extern C:\MCC18\src\traditional\proc\p18F2550.asm
                    INDF0   0x000fef       data     extern C:\MCC18\src\traditional\proc\p18F2550.asm
                  INTCON3   0x000ff0       data     extern C:\MCC18\src\traditional\proc\p18F2550.asm
              INTCON3bits   0x000ff0       data     extern C:\MCC18\src\traditional\proc\p18F2550.asm
                  INTCON2   0x000ff1       data     extern C:\MCC18\src\traditional\proc\p18F2550.asm
              INTCON2bits   0x000ff1       data     extern C:\MCC18\src\traditional\proc\p18F2550.asm
                   INTCON   0x000ff2       data     extern C:\MCC18\src\traditional\proc\p18F2550.asm
               INTCONbits   0x000ff2       data     extern C:\MCC18\src\traditional\proc\p18F2550.asm
                    PRODL   0x000ff3       data     extern C:\MCC18\src\traditional\proc\p18F2550.asm
                     PROD   0x000ff3       data     extern C:\MCC18\src\traditional\proc\p18F2550.asm
                    PRODH   0x000ff4       data     extern C:\MCC18\src\traditional\proc\p18F2550.asm
                   TABLAT   0x000ff5       data     extern C:\MCC18\src\traditional\proc\p18F2550.asm
                   TBLPTR   0x000ff6       data     extern C:\MCC18\src\traditional\proc\p18F2550.asm
                  TBLPTRL   0x000ff6       data     extern C:\MCC18\src\traditional\proc\p18F2550.asm
                  TBLPTRH   0x000ff7       data     extern C:\MCC18\src\traditional\proc\p18F2550.asm
                  TBLPTRU   0x000ff8       data     extern C:\MCC18\src\traditional\proc\p18F2550.asm
                      PCL   0x000ff9       data     extern C:\MCC18\src\traditional\proc\p18F2550.asm
                       PC   0x000ff9       data     extern C:\MCC18\src\traditional\proc\p18F2550.asm
                   PCLATH   0x000ffa       data     extern C:\MCC18\src\traditional\proc\p18F2550.asm
                   PCLATU   0x000ffb       data     extern C:\MCC18\src\traditional\proc\p18F2550.asm
               STKPTRbits   0x000ffc       data     extern C:\MCC18\src\traditional\proc\p18F2550.asm
                   STKPTR   0x000ffc       data     extern C:\MCC18\src\traditional\proc\p18F2550.asm
                     TOSL   0x000ffd       data     extern C:\MCC18\src\traditional\proc\p18F2550.asm
                      TOS   0x000ffd       data     extern C:\MCC18\src\traditional\proc\p18F2550.asm
                     TOSH   0x000ffe       data     extern C:\MCC18\src\traditional\proc\p18F2550.asm
                     TOSU   0x000fff       data     extern C:\MCC18\src\traditional\proc\p18F2550.asm


